
> my-video@1.0.0 build
> remotion bundle

Bundling 6%
Bundling 27%
Bundling 38%
Bundling 63%
Bundling 69%
Bundling 74%
Bundling 80%
Bundling 85%
Bundling 90%
Bundling 99%

node.exe : [31mError
: Module build failed
 (from ./node_modules
/css-loader/dist/cjs.
js):[39m
発生場所 C:\Program Files
\nodejs\npm.ps1:29 文字
:3
+   & $NODE_EXE $NPM_
CLI_JS $args
+   ~~~~~~~~~~~~~~~~~
~~~~~~~~~~~~
    + CategoryInfo   
           : NotSpeci
fi    ed: ([31mError
: M    od...t/cjs.js)
:[3    9m:String) []
, Rem    oteException
    + FullyQualifiedE
r    rorId : NativeCo
mm    andError
 
[31mError: Can't res
olve '/fonts/klsmaru.
otf' in 'C:\Users\hid
en\my-video\src'[39m
[31m    at finishWit
houtResolve (C:\Users
\hiden\my-video\node_
modules\enhanced-reso
lve\lib\Resolver.js:5
65:18)[39m
[31m    at C:\Users\
hiden\my-video\node_m
odules\enhanced-resol
ve\lib\Resolver.js:65
7:14[39m
[31m    at C:\Users\
hiden\my-video\node_m
odules\enhanced-resol
ve\lib\Resolver.js:71
8:5[39m
[31m    at eval (eva
l at create (C:\Users
\hiden\my-video\node_
modules\tapable\lib\H
ookCodeFactory.js:31:
10), <anonymous>:16:1
)[39m
[31m    at C:\Users\
hiden\my-video\node_m
odules\enhanced-resol
ve\lib\Resolver.js:71
8:5[39m
[31m    at eval (eva
l at create (C:\Users
\hiden\my-video\node_
modules\tapable\lib\H
ookCodeFactory.js:31:
10), <anonymous>:27:1
)[39m
[31m    at C:\Users\
hiden\my-video\node_m
odules\enhanced-resol
ve\lib\DescriptionFil
ePlugin.js:89:43[39m
[31m    at C:\Users\
hiden\my-video\node_m
odules\enhanced-resol
ve\lib\Resolver.js:71
8:5[39m
[31m    at eval (eva
l at create (C:\Users
\hiden\my-video\node_
modules\tapable\lib\H
ookCodeFactory.js:31:
10), <anonymous>:15:1
)[39m
[31m    at C:\Users\
hiden\my-video\node_m
odules\enhanced-resol
ve\lib\Resolver.js:71
8:5[39m
[31mundefined[39m
[31m    at Object.in
ternalBundle (C:\User
s\hiden\my-video\node
_modules\@remotion\bu
ndler\dist\bundle.js:
174:15)[39m
[31m    at async bun
dleOnCli (C:\Users\hi
den\my-video\node_mod
ules\@remotion\cli\di
st\setup-cache.js:139
:21)[39m
[31m    at async bun
dleCommand (C:\Users\
hiden\my-video\node_m
odules\@remotion\cli\
dist\bundle.js:68:20)
[39m
[31m    at async cli
 (C:\Users\hiden\my-v
ideo\node_modules\@re
motion\cli\dist\index
.js:80:13)[39m
