src/Freedom/FreedomImages.tsx(29,11): error TS6133: 'progress' is declared but its value is never read.
src/OhanaBatake/OhanaImages.tsx(1,24): error TS6133: 'useVideoConfig' is declared but its value is never read.
